// Jest Snapshot v1, https://goo.gl/fbAQLP

exports[`Card component render expect Card component to match snapshot 1`] = `
<div>
  <div
    class="dib br3 pa1 ma2 grow bw2 shadow-5 bg-light-green"
  >
    <img
      alt="robot"
      src="https://robohash.org/Baby Yodababy.yoda@newrepublic.com1"
    />
    <h2>
      Baby Yoda
    </h2>
    <p>
      baby.yoda@newrepublic.com
    </p>
  </div>
</div>
`;
